// Jest Snapshot v1, https://goo.gl/fbAQLP

exports[`Should render the button 1`] = `
<DocumentFragment>
  <div>
    <button
      class="button"
    >
      Local Weather
    </button>
  </div>
</DocumentFragment>
`;
